// Jest Snapshot v1, https://goo.gl/fbAQLP

exports[`Search Test Suite should render correclty with no props 1`] = `ShallowWrapper {}`;
